[
   [
      "_some_var1",
      "number"
   ],
   [
      "_some_2OtherVar23",
      "string"
   ]
]
