[
   [
      "personPosition",
      [
         [
            "name",
            [
               [
                  "firstName",
                  "string"
               ],
               [
                  "lastName",
                  "string"
               ]
            ]
         ],
         [
            "position",
            [
               [
                  "x",
                  "number"
               ],
               [
                  "y",
                  "number"
               ],
               [
                  "z",
                  "number"
               ]
            ]
         ]
      ]
   ]
]
