[
   [
      "super_nested",
      [
         [
            "a_depth3",
            [
               [
                  "a_depth2",
                  [
                     [
                        "a_depth1",
                        [
                           [
                              "a_depth0",
                              [
                                 [
                                    "n",
                                    "number"
                                 ],
                                 [
                                    "str",
                                    "string"
                                 ]
                              ]
                           ],
                           [
                              "b_depth0",
                              [
                                 [
                                    "str",
                                    "string"
                                 ],
                                 [
                                    "n",
                                    "number"
                                 ]
                              ]
                           ]
                        ]
                     ],
                     [
                        "b_depth1",
                        [
                           [
                              "a_depth0",
                              [
                                 [
                                    "nx",
                                    "number"
                                 ],
                                 [
                                    "strx",
                                    "string"
                                 ]
                              ]
                           ],
                           [
                              "b_depth0",
                              [
                                 [
                                    "strx",
                                    "string"
                                 ],
                                 [
                                    "nx",
                                    "number"
                                 ]
                              ]
                           ]
                        ]
                     ]
                  ]
               ],
               [
                  "x_depth2",
                  [
                     [
                        "a_depth1",
                        [
                           [
                              "a_depth0",
                              [
                                 [
                                    "n",
                                    "number"
                                 ],
                                 [
                                    "str",
                                    "string"
                                 ]
                              ]
                           ],
                           [
                              "b_depth0",
                              [
                                 [
                                    "str",
                                    "string"
                                 ],
                                 [
                                    "n",
                                    "number"
                                 ]
                              ]
                           ]
                        ]
                     ],
                     [
                        "b_depth1",
                        [
                           [
                              "a_depth0",
                              [
                                 [
                                    "nx",
                                    "number"
                                 ],
                                 [
                                    "strx",
                                    "string"
                                 ]
                              ]
                           ],
                           [
                              "b_depth0",
                              [
                                 [
                                    "strx",
                                    "string"
                                 ],
                                 [
                                    "nx",
                                    "number"
                                 ]
                              ]
                           ]
                        ]
                     ]
                  ]
               ]
            ]
         ],
         [
            "z_depth3",
            [
               [
                  "x_depth2",
                  [
                     [
                        "y_depth1",
                        [
                           [
                              "u_depth0",
                              [
                                 [
                                    "n",
                                    "number"
                                 ],
                                 [
                                    "str",
                                    "string"
                                 ]
                              ]
                           ],
                           [
                              "v_depth0",
                              [
                                 [
                                    "str",
                                    "string"
                                 ],
                                 [
                                    "n",
                                    "number"
                                 ]
                              ]
                           ]
                        ]
                     ],
                     [
                        "g_depth1",
                        [
                           [
                              "a_depth0",
                              [
                                 [
                                    "nx",
                                    "number"
                                 ],
                                 [
                                    "strx",
                                    "string"
                                 ]
                              ]
                           ],
                           [
                              "b_depth0",
                              [
                                 [
                                    "strx",
                                    "string"
                                 ],
                                 [
                                    "nx",
                                    "number"
                                 ]
                              ]
                           ]
                        ]
                     ]
                  ]
               ],
               [
                  "y_depth2",
                  [
                     [
                        "a_depth1",
                        [
                           [
                              "a_depth0",
                              [
                                 [
                                    "n",
                                    "number"
                                 ],
                                 [
                                    "str",
                                    "string"
                                 ]
                              ]
                           ],
                           [
                              "b_depth0",
                              [
                                 [
                                    "str",
                                    "string"
                                 ],
                                 [
                                    "n",
                                    "number"
                                 ]
                              ]
                           ]
                        ]
                     ],
                     [
                        "b_depth1",
                        [
                           [
                              "a_depth0",
                              [
                                 [
                                    "nx",
                                    "number"
                                 ],
                                 [
                                    "strx",
                                    "string"
                                 ]
                              ]
                           ],
                           [
                              "b_depth0",
                              [
                                 [
                                    "strx",
                                    "string"
                                 ],
                                 [
                                    "nx",
                                    "number"
                                 ]
                              ]
                           ]
                        ]
                     ]
                  ]
               ]
            ]
         ]
      ]
   ]
]
