[
   [
      "single22",
      "number"
   ],
   [
      "single33",
      "string"
   ],
   [
      "nested_23",
      [
         [
            "triangle",
            [
               [
                  "point1",
                  [
                     [
                        "x",
                        "number"
                     ],
                     [
                        "y",
                        "number"
                     ]
                  ]
               ],
               [
                  "point2",
                  [
                     [
                        "x",
                        "number"
                     ],
                     [
                        "y",
                        "number"
                     ]
                  ]
               ],
               [
                  "point3",
                  [
                     [
                        "x",
                        "number"
                     ],
                     [
                        "y",
                        "number"
                     ]
                  ]
               ]
            ]
         ],
         [
            "color",
            [
               [
                  "r",
                  "number"
               ],
               [
                  "g",
                  "number"
               ],
               [
                  "b",
                  "number"
               ]
            ]
         ],
         [
            "index",
            "number"
         ],
         [
            "pos",
            [
               [
                  "x",
                  "number"
               ],
               [
                  "y",
                  "number"
               ]
            ]
         ]
      ]
   ]
]
